[    0.000000] Linux version 4.9.0-8-amd64 (debian-kernel@lists.debian.org) (gcc version 6.3.0 20170516 (Debian 6.3.0-18+deb9u1) ) #1 SMP Debian 4.9.130-2 (2018-10-27)
[    0.000000] Command line: BOOT_IMAGE=/boot/vmlinuz-4.9.0-8-amd64 root=UUID=d875150b-95ed-4a12-b3a3-769817b85c45 ro quiet
[    0.000000] x86/fpu: Legacy x87 FPU detected.
[    0.000000] e820: BIOS-provided physical RAM map:
[    0.000000] BIOS-e820: [mem 0x0000000000000000-0x000000000009f7ff] usable
[    0.000000] BIOS-e820: [mem 0x000000000009f800-0x000000000009ffff] reserved
[    0.000000] BIOS-e820: [mem 0x00000000000e7000-0x00000000000fffff] reserved
[    0.000000] BIOS-e820: [mem 0x0000000000100000-0x00000000e7faffff] usable
[    0.000000] BIOS-e820: [mem 0x00000000e7fb0000-0x00000000e7fbffff] ACPI data
[    0.000000] BIOS-e820: [mem 0x00000000e7fc0000-0x00000000e7feffff] ACPI NVS
[    0.000000] BIOS-e820: [mem 0x00000000e7ff0000-0x00000000e7ffffff] reserved
[    0.000000] BIOS-e820: [mem 0x00000000fec00000-0x00000000fec00fff] reserved
[    0.000000] BIOS-e820: [mem 0x00000000fee00000-0x00000000feefffff] reserved
[    0.000000] BIOS-e820: [mem 0x00000000fff00000-0x00000000ffffffff] reserved
[    0.000000] BIOS-e820: [mem 0x0000000100000000-0x0000000217ffffff] usable
[    0.000000] NX (Execute Disable) protection: active
[    0.000000] SMBIOS 2.4 present.
[    0.000000] DMI: To Be Filled By O.E.M. To Be Filled By O.E.M./N68C-S UCC, BIOS P1.40 08/25/2010
[    0.000000] Kernel/User page tables isolation: disabled
[    0.000000] e820: update [mem 0x00000000-0x00000fff] usable ==> reserved
[    0.000000] e820: remove [mem 0x000a0000-0x000fffff] usable
[    0.000000] AGP: No AGP bridge found
[    0.000000] e820: last_pfn = 0x218000 max_arch_pfn = 0x400000000
[    0.000000] MTRR default type: uncachable
[    0.000000] MTRR fixed ranges enabled:
[    0.000000]   00000-9FFFF write-back
[    0.000000]   A0000-EFFFF uncachable
[    0.000000]   F0000-FFFFF write-protect
[    0.000000] MTRR variable ranges enabled:
[    0.000000]   0 base 000000000000 mask FFFF80000000 write-back
[    0.000000]   1 base 000080000000 mask FFFFC0000000 write-back
[    0.000000]   2 base 0000C0000000 mask FFFFE0000000 write-back
[    0.000000]   3 base 0000E0000000 mask FFFFF8000000 write-back
[    0.000000]   4 disabled
[    0.000000]   5 disabled
[    0.000000]   6 disabled
[    0.000000]   7 disabled
[    0.000000] TOM2: 0000000218000000 aka 8576M
[    0.000000] x86/PAT: Configuration [0-7]: WB  WC  UC- UC  WB  WC  UC- WT  
[    0.000000] e820: update [mem 0xe8000000-0xffffffff] usable ==> reserved
[    0.000000] e820: last_pfn = 0xe7fb0 max_arch_pfn = 0x400000000
[    0.000000] found SMP MP-table at [mem 0x000ff780-0x000ff78f] mapped at [ffffa0b9800ff780]
[    0.000000] Base memory trampoline at [ffffa0b980099000] 99000 size 24576
[    0.000000] Using GB pages for direct mapping
[    0.000000] BRK [0x17a73a000, 0x17a73afff] PGTABLE
[    0.000000] BRK [0x17a73b000, 0x17a73bfff] PGTABLE
[    0.000000] BRK [0x17a73c000, 0x17a73cfff] PGTABLE
[    0.000000] BRK [0x17a73d000, 0x17a73dfff] PGTABLE
[    0.000000] BRK [0x17a73e000, 0x17a73efff] PGTABLE
[    0.000000] BRK [0x17a73f000, 0x17a73ffff] PGTABLE
[    0.000000] BRK [0x17a740000, 0x17a740fff] PGTABLE
[    0.000000] RAMDISK: [mem 0x35ccb000-0x36e5cfff]
[    0.000000] ACPI: Early table checksum verification disabled
[    0.000000] ACPI: RSDP 0x00000000000FB580 000014 (v00 ACPIAM)
[    0.000000] ACPI: RSDT 0x00000000E7FB0000 000040 (v01 A_M_I  OEMRSDT  08001025 MSFT 00000097)
[    0.000000] ACPI: FACP 0x00000000E7FB0200 000084 (v02 A_M_I  OEMFACP  12000601 MSFT 00000097)
[    0.000000] ACPI: DSDT 0x00000000E7FB0460 00494C (v01 AS361  AS361135 00000135 INTL 20051117)
[    0.000000] ACPI: FACS 0x00000000E7FC0000 000040
[    0.000000] ACPI: APIC 0x00000000E7FB0390 000090 (v01 A_M_I  OEMAPIC  08001025 MSFT 00000097)
[    0.000000] ACPI: MCFG 0x00000000E7FB0420 00003C (v01 A_M_I  OEMMCFG  08001025 MSFT 00000097)
[    0.000000] ACPI: OEMB 0x00000000E7FC0040 000061 (v01 A_M_I  AMI_OEM  08001025 MSFT 00000097)
[    0.000000] ACPI: SRAT 0x00000000E7FB4DB0 0000E8 (v03 AMD    FAM_F_10 00000002 AMD  00000001)
[    0.000000] ACPI: AAFT 0x00000000E7FB4EA0 000027 (v01 A_M_I  OEMAAFT  08001025 MSFT 00000097)
[    0.000000] ACPI: SSDT 0x00000000E7FB4ED0 00088C (v01 A M I  POWERNOW 00000001 AMD  00000001)
[    0.000000] ACPI: Local APIC address 0xfee00000
[    0.000000] SRAT: PXM 0 -> APIC 0x00 -> Node 0
[    0.000000] SRAT: PXM 0 -> APIC 0x01 -> Node 0
[    0.000000] SRAT: PXM 0 -> APIC 0x02 -> Node 0
[    0.000000] SRAT: PXM 0 -> APIC 0x03 -> Node 0
[    0.000000] ACPI: SRAT: Node 0 PXM 0 [mem 0x00000000-0x0009ffff]
[    0.000000] ACPI: SRAT: Node 0 PXM 0 [mem 0x00100000-0xe7ffffff]
[    0.000000] ACPI: SRAT: Node 0 PXM 0 [mem 0x100000000-0x217ffffff]
[    0.000000] NUMA: Node 0 [mem 0x00000000-0x0009ffff] + [mem 0x00100000-0xe7ffffff] -> [mem 0x00000000-0xe7ffffff]
[    0.000000] NUMA: Node 0 [mem 0x00000000-0xe7ffffff] + [mem 0x100000000-0x217ffffff] -> [mem 0x00000000-0x217ffffff]
[    0.000000] NODE_DATA(0) allocated [mem 0x217ffb000-0x217ffffff]
[    0.000000] Zone ranges:
[    0.000000]   DMA      [mem 0x0000000000001000-0x0000000000ffffff]
[    0.000000]   DMA32    [mem 0x0000000001000000-0x00000000ffffffff]
[    0.000000]   Normal   [mem 0x0000000100000000-0x0000000217ffffff]
[    0.000000]   Device   empty
[    0.000000] Movable zone start for each node
[    0.000000] Early memory node ranges
[    0.000000]   node   0: [mem 0x0000000000001000-0x000000000009efff]
[    0.000000]   node   0: [mem 0x0000000000100000-0x00000000e7faffff]
[    0.000000]   node   0: [mem 0x0000000100000000-0x0000000217ffffff]
[    0.000000] Initmem setup node 0 [mem 0x0000000000001000-0x0000000217ffffff]
[    0.000000] On node 0 totalpages: 2096974
[    0.000000]   DMA zone: 64 pages used for memmap
[    0.000000]   DMA zone: 21 pages reserved
[    0.000000]   DMA zone: 3998 pages, LIFO batch:0
[    0.000000]   DMA32 zone: 14783 pages used for memmap
[    0.000000]   DMA32 zone: 946096 pages, LIFO batch:31
[    0.000000]   Normal zone: 17920 pages used for memmap
[    0.000000]   Normal zone: 1146880 pages, LIFO batch:31
[    0.000000] Nvidia board detected. Ignoring ACPI timer override.
[    0.000000] If you got timer trouble try acpi_use_timer_override
[    0.000000] ACPI: PM-Timer IO Port: 0x508
[    0.000000] ACPI: Local APIC address 0xfee00000
[    0.000000] IOAPIC[0]: apic_id 4, version 17, address 0xfec00000, GSI 0-23
[    0.000000] ACPI: INT_SRC_OVR (bus 0 bus_irq 0 global_irq 2 dfl dfl)
[    0.000000] ACPI: BIOS IRQ0 override ignored.
[    0.000000] ACPI: INT_SRC_OVR (bus 0 bus_irq 9 global_irq 9 high level)
[    0.000000] ACPI: INT_SRC_OVR (bus 0 bus_irq 14 global_irq 14 high edge)
[    0.000000] ACPI: INT_SRC_OVR (bus 0 bus_irq 15 global_irq 15 high edge)
[    0.000000] ACPI: IRQ9 used by override.
[    0.000000] ACPI: IRQ14 used by override.
[    0.000000] ACPI: IRQ15 used by override.
[    0.000000] Using ACPI (MADT) for SMP configuration information
[    0.000000] smpboot: Allowing 6 CPUs, 2 hotplug CPUs
[    0.000000] PM: Registered nosave memory: [mem 0x00000000-0x00000fff]
[    0.000000] PM: Registered nosave memory: [mem 0x0009f000-0x0009ffff]
[    0.000000] PM: Registered nosave memory: [mem 0x000a0000-0x000e6fff]
[    0.000000] PM: Registered nosave memory: [mem 0x000e7000-0x000fffff]
[    0.000000] PM: Registered nosave memory: [mem 0xe7fb0000-0xe7fbffff]
[    0.000000] PM: Registered nosave memory: [mem 0xe7fc0000-0xe7feffff]
[    0.000000] PM: Registered nosave memory: [mem 0xe7ff0000-0xe7ffffff]
[    0.000000] PM: Registered nosave memory: [mem 0xe8000000-0xfebfffff]
[    0.000000] PM: Registered nosave memory: [mem 0xfec00000-0xfec00fff]
[    0.000000] PM: Registered nosave memory: [mem 0xfec01000-0xfedfffff]
[    0.000000] PM: Registered nosave memory: [mem 0xfee00000-0xfeefffff]
[    0.000000] PM: Registered nosave memory: [mem 0xfef00000-0xffefffff]
[    0.000000] PM: Registered nosave memory: [mem 0xfff00000-0xffffffff]
[    0.000000] e820: [mem 0xe8000000-0xfebfffff] available for PCI devices
[    0.000000] Booting paravirtualized kernel on bare hardware
[    0.000000] clocksource: refined-jiffies: mask: 0xffffffff max_cycles: 0xffffffff, max_idle_ns: 7645519600211568 ns
[    0.000000] setup_percpu: NR_CPUS:512 nr_cpumask_bits:512 nr_cpu_ids:6 nr_node_ids:1
[    0.000000] percpu: Embedded 35 pages/cpu @ffffa0bb97c00000 s105304 r8192 d29864 u262144
[    0.000000] pcpu-alloc: s105304 r8192 d29864 u262144 alloc=1*2097152
[    0.000000] pcpu-alloc: [0] 0 1 2 3 4 5 - - 
[    0.000000] Built 1 zonelists in Node order, mobility grouping on.  Total pages: 2064186
[    0.000000] Policy zone: Normal
[    0.000000] Kernel command line: BOOT_IMAGE=/boot/vmlinuz-4.9.0-8-amd64 root=UUID=d875150b-95ed-4a12-b3a3-769817b85c45 ro quiet
[    0.000000] PID hash table entries: 4096 (order: 3, 32768 bytes)
[    0.000000] AGP: Checking aperture...
[    0.000000] AGP: No AGP bridge found
[    0.000000] AGP: Node 0: aperture [bus addr 0xdc000000-0xddffffff] (32MB)
[    0.000000] Aperture pointing to e820 RAM. Ignoring.
[    0.000000] AGP: Your BIOS doesn't leave an aperture memory hole
[    0.000000] AGP: Please enable the IOMMU option in the BIOS setup
[    0.000000] AGP: This costs you 64MB of RAM
[    0.000000] AGP: Mapping aperture over RAM [mem 0xdc000000-0xdfffffff] (65536KB)
[    0.000000] PM: Registered nosave memory: [mem 0xdc000000-0xdfffffff]
[    0.000000] Memory: 8090700K/8387896K available (6267K kernel code, 1159K rwdata, 2872K rodata, 1420K init, 688K bss, 297196K reserved, 0K cma-reserved)
[    0.000000] Hierarchical RCU implementation.
[    0.000000] 	Build-time adjustment of leaf fanout to 64.
[    0.000000] 	RCU restricting CPUs from NR_CPUS=512 to nr_cpu_ids=6.
[    0.000000] RCU: Adjusting geometry for rcu_fanout_leaf=64, nr_cpu_ids=6
[    0.000000] NR_IRQS:33024 nr_irqs:472 16
[    0.000000] spurious 8259A interrupt: IRQ7.
[    0.000000] Console: colour VGA+ 80x25
[    0.000000] console [tty0] enabled
[    0.000000] tsc: Fast TSC calibration using PIT
[    0.000000] tsc: Detected 3158.634 MHz processor
[    0.000021] Calibrating delay loop (skipped), value calculated using timer frequency.. 6317.26 BogoMIPS (lpj=12634536)
[    0.000024] pid_max: default: 32768 minimum: 301
[    0.000043] ACPI: Core revision 20160831
[    0.002859] ACPI: 2 ACPI AML tables successfully acquired and loaded
[    0.002916] Security Framework initialized
[    0.002917] Yama: disabled by default; enable with sysctl kernel.yama.*
[    0.002925] AppArmor: AppArmor disabled by boot time parameter
[    0.003311] Dentry cache hash table entries: 1048576 (order: 11, 8388608 bytes)
[    0.006244] Inode-cache hash table entries: 524288 (order: 10, 4194304 bytes)
[    0.007612] Mount-cache hash table entries: 16384 (order: 5, 131072 bytes)
[    0.007620] Mountpoint-cache hash table entries: 16384 (order: 5, 131072 bytes)
[    0.007981] mce: CPU supports 6 MCE banks
[    0.007988] LVT offset 0 assigned for vector 0xf9
[    0.007994] Last level iTLB entries: 4KB 512, 2MB 16, 4MB 8
[    0.007995] Last level dTLB entries: 4KB 512, 2MB 128, 4MB 64, 1GB 0
[    0.007996] Spectre V2 : Mitigation: Full AMD retpoline
[    0.007997] Spectre V2 : Spectre v2 / SpectreRSB mitigation: Filling RSB on context switch
[    0.013252] Freeing SMP alternatives memory: 24K
[    0.014748] ftrace: allocating 25291 entries in 99 pages
[    0.025199] smpboot: Max logical packages: 2
[    0.025701] ..TIMER: vector=0x30 apic1=0 pin1=0 apic2=-1 pin2=-1
[    0.169832] smpboot: CPU0: AMD Phenom(tm) II X4 945 Processor (family: 0x10, model: 0x4, stepping: 0x3)
[    0.169836] Performance Events: AMD PMU driver.
[    0.169840] ... version:                0
[    0.169840] ... bit width:              48
[    0.169841] ... generic registers:      4
[    0.169841] ... value mask:             0000ffffffffffff
[    0.169841] ... max period:             00007fffffffffff
[    0.169842] ... fixed-purpose events:   0
[    0.169842] ... event mask:             000000000000000f
[    0.170461] NMI watchdog: enabled on all CPUs, permanently consumes one hw-PMU counter.
[    0.170617] x86: Booting SMP configuration:
[    0.170618] .... node  #0, CPUs:      #1 #2 #3
[    0.178994] x86: Booted up 1 node, 4 CPUs
[    0.178996] smpboot: Total of 4 processors activated (25269.07 BogoMIPS)
[    0.184510] devtmpfs: initialized
[    0.184580] x86/mm: Memory block size: 128MB
[    0.188246] PM: Registering ACPI NVS region [mem 0xe7fc0000-0xe7feffff] (196608 bytes)
[    0.188314] clocksource: jiffies: mask: 0xffffffff max_cycles: 0xffffffff, max_idle_ns: 7645041785100000 ns
[    0.188326] futex hash table entries: 2048 (order: 5, 131072 bytes)
[    0.188395] pinctrl core: initialized pinctrl subsystem
[    0.188510] NET: Registered protocol family 16
[    0.197861] cpuidle: using governor ladder
[    0.213863] cpuidle: using governor menu
[    0.213869] node 0 link 0: io port [1000, ffffff]
[    0.213871] TOM: 00000000e8000000 aka 3712M
[    0.213872] Fam 10h mmconf [mem 0xfc000000-0xfdffffff]
[    0.213873] node 0 link 0: mmio [fc000000, fdffffff] ==> none
[    0.213875] node 0 link 0: mmio [e8000000, fbffffff]
[    0.213876] node 0 link 0: mmio [fe000000, fe0bffff]
[    0.213878] node 0 link 0: mmio [a0000, bffff]
[    0.213879] TOM2: 0000000218000000 aka 8576M
[    0.213880] bus: [bus 00-07] on node 0 link 0
[    0.213881] bus: 00 [io  0x0000-0xffff]
[    0.213882] bus: 00 [mem 0xe8000000-0xfbffffff]
[    0.213882] bus: 00 [mem 0xfe000000-0xffffffff]
[    0.213883] bus: 00 [mem 0x000a0000-0x000bffff]
[    0.213883] bus: 00 [mem 0x218000000-0xfcffffffff]
[    0.213943] ACPI: bus type PCI registered
[    0.213944] acpiphp: ACPI Hot Plug PCI Controller Driver version: 0.5
[    0.214016] PCI: MMCONFIG for domain 0000 [bus 00-1f] at [mem 0xfc000000-0xfdffffff] (base 0xfc000000)
[    0.214018] PCI: not using MMCONFIG
[    0.214018] PCI: Using configuration type 1 for base access
[    0.214019] PCI: Using configuration type 1 for extended access
[    0.214303] mtrr: your CPUs had inconsistent variable MTRR settings
[    0.214303] mtrr: probably your BIOS does not setup all CPUs.
[    0.214303] mtrr: corrected configuration.
[    0.230070] HugeTLB registered 1 GB page size, pre-allocated 0 pages
[    0.230071] HugeTLB registered 2 MB page size, pre-allocated 0 pages
[    0.230403] ACPI: Added _OSI(Module Device)
[    0.230404] ACPI: Added _OSI(Processor Device)
[    0.230405] ACPI: Added _OSI(3.0 _SCP Extensions)
[    0.230406] ACPI: Added _OSI(Processor Aggregator Device)
[    0.230676] ACPI: Executed 1 blocks of module-level executable AML code
[    0.232830] ACPI: Interpreter enabled
[    0.232847] ACPI: (supports S0 S1 S3 S4 S5)
[    0.232848] ACPI: Using IOAPIC for interrupt routing
[    0.232870] PCI: MMCONFIG for domain 0000 [bus 00-1f] at [mem 0xfc000000-0xfdffffff] (base 0xfc000000)
[    0.233606] PCI: MMCONFIG at [mem 0xfc000000-0xfdffffff] reserved in ACPI motherboard resources
[    0.233614] PCI: Using host bridge windows from ACPI; if necessary, use "pci=nocrs" and report a bug
[    0.238738] ACPI: PCI Root Bridge [PCI0] (domain 0000 [bus 00-ff])
[    0.238743] acpi PNP0A03:00: _OSC: OS supports [ExtendedConfig ASPM ClockPM Segments MSI]
[    0.238747] acpi PNP0A03:00: _OSC failed (AE_NOT_FOUND); disabling ASPM
[    0.238754] acpi PNP0A03:00: [Firmware Info]: MMCONFIG for domain 0000 [bus 00-1f] only partially covers this bridge
[    0.238902] PCI host bridge to bus 0000:00
[    0.238904] pci_bus 0000:00: root bus resource [io  0x0000-0x0cf7 window]
[    0.238905] pci_bus 0000:00: root bus resource [io  0x0d00-0xffff window]
[    0.238907] pci_bus 0000:00: root bus resource [mem 0x000a0000-0x000bffff window]
[    0.238908] pci_bus 0000:00: root bus resource [mem 0x000d0000-0x000dffff window]
[    0.238909] pci_bus 0000:00: root bus resource [mem 0xe8000000-0xff37ffff window]
[    0.238910] pci_bus 0000:00: root bus resource [bus 00-ff]
[    0.238926] pci 0000:00:00.0: [10de:03e2] type 00 class 0x050000
[    0.239121] pci 0000:00:01.0: [10de:03e1] type 00 class 0x060100
[    0.239126] pci 0000:00:01.0: reg 0x10: [io  0x0900-0x09ff]
[    0.239202] pci 0000:00:01.1: [10de:03eb] type 00 class 0x0c0500
[    0.239210] pci 0000:00:01.1: reg 0x10: [io  0xdc00-0xdc3f]
[    0.239223] pci 0000:00:01.1: reg 0x20: [io  0x0600-0x063f]
[    0.239227] pci 0000:00:01.1: reg 0x24: [io  0x0700-0x073f]
[    0.239250] pci 0000:00:01.1: PME# supported from D3hot D3cold
[    0.239281] pci 0000:00:01.1: System wakeup disabled by ACPI
[    0.239312] pci 0000:00:01.2: [10de:03f5] type 00 class 0x050000
[    0.239382] pci 0000:00:02.0: [10de:03f1] type 00 class 0x0c0310
[    0.239389] pci 0000:00:02.0: reg 0x10: [mem 0xf9eff000-0xf9efffff]
[    0.239419] pci 0000:00:02.0: supports D1 D2
[    0.239420] pci 0000:00:02.0: PME# supported from D0 D1 D2 D3hot D3cold
[    0.239447] pci 0000:00:02.0: System wakeup disabled by ACPI
[    0.239480] pci 0000:00:02.1: [10de:03f2] type 00 class 0x0c0320
[    0.239487] pci 0000:00:02.1: reg 0x10: [mem 0xf9efec00-0xf9efecff]
[    0.239522] pci 0000:00:02.1: supports D1 D2
[    0.239522] pci 0000:00:02.1: PME# supported from D0 D1 D2 D3hot D3cold
[    0.239551] pci 0000:00:02.1: System wakeup disabled by ACPI
[    0.239586] pci 0000:00:04.0: [10de:03f3] type 01 class 0x060401
[    0.239633] pci 0000:00:04.0: System wakeup disabled by ACPI
[    0.239664] pci 0000:00:05.0: [10de:03f0] type 00 class 0x040300
[    0.239672] pci 0000:00:05.0: reg 0x10: [mem 0xf9ef8000-0xf9efbfff]
[    0.239707] pci 0000:00:05.0: PME# supported from D3hot D3cold
[    0.239735] pci 0000:00:05.0: System wakeup disabled by ACPI
[    0.239771] pci 0000:00:06.0: [10de:03ec] type 00 class 0x01018a
[    0.239789] pci 0000:00:06.0: reg 0x20: [io  0xffa0-0xffaf]
[    0.239797] pci 0000:00:06.0: legacy IDE quirk: reg 0x10: [io  0x01f0-0x01f7]
[    0.239798] pci 0000:00:06.0: legacy IDE quirk: reg 0x14: [io  0x03f6]
[    0.239799] pci 0000:00:06.0: legacy IDE quirk: reg 0x18: [io  0x0170-0x0177]
[    0.239800] pci 0000:00:06.0: legacy IDE quirk: reg 0x1c: [io  0x0376]
[    0.239860] pci 0000:00:07.0: [10de:03ef] type 00 class 0x068000
[    0.239866] pci 0000:00:07.0: reg 0x10: [mem 0xf9efd000-0xf9efdfff]
[    0.239869] pci 0000:00:07.0: reg 0x14: [io  0xd480-0xd487]
[    0.239897] pci 0000:00:07.0: supports D1 D2
[    0.239898] pci 0000:00:07.0: PME# supported from D0 D1 D2 D3hot D3cold
[    0.239926] pci 0000:00:07.0: System wakeup disabled by ACPI
[    0.239957] pci 0000:00:08.0: [10de:03f6] type 00 class 0x010185
[    0.239963] pci 0000:00:08.0: reg 0x10: [io  0xd400-0xd407]
[    0.239966] pci 0000:00:08.0: reg 0x14: [io  0xd080-0xd083]
[    0.239969] pci 0000:00:08.0: reg 0x18: [io  0xd000-0xd007]
[    0.239972] pci 0000:00:08.0: reg 0x1c: [io  0xcc00-0xcc03]
[    0.239975] pci 0000:00:08.0: reg 0x20: [io  0xc880-0xc88f]
[    0.239978] pci 0000:00:08.0: reg 0x24: [mem 0xf9efc000-0xf9efcfff]
[    0.240041] pci 0000:00:08.1: [10de:03f6] type 00 class 0x010185
[    0.240046] pci 0000:00:08.1: reg 0x10: [io  0xc800-0xc807]
[    0.240049] pci 0000:00:08.1: reg 0x14: [io  0xc480-0xc483]
[    0.240052] pci 0000:00:08.1: reg 0x18: [io  0xc400-0xc407]
[    0.240055] pci 0000:00:08.1: reg 0x1c: [io  0xc080-0xc083]
[    0.240058] pci 0000:00:08.1: reg 0x20: [io  0xc000-0xc00f]
[    0.240061] pci 0000:00:08.1: reg 0x24: [mem 0xf9ef7000-0xf9ef7fff]
[    0.240131] pci 0000:00:09.0: [10de:03e8] type 01 class 0x060400
[    0.240155] pci 0000:00:09.0: PME# supported from D0 D1 D2 D3hot D3cold
[    0.240183] pci 0000:00:09.0: System wakeup disabled by ACPI
[    0.240216] pci 0000:00:0b.0: [10de:03e9] type 01 class 0x060400
[    0.240236] pci 0000:00:0b.0: PME# supported from D0 D1 D2 D3hot D3cold
[    0.240264] pci 0000:00:0b.0: System wakeup disabled by ACPI
[    0.240294] pci 0000:00:0c.0: [10de:03e9] type 01 class 0x060400
[    0.240315] pci 0000:00:0c.0: PME# supported from D0 D1 D2 D3hot D3cold
[    0.240342] pci 0000:00:0c.0: System wakeup disabled by ACPI
[    0.240380] pci 0000:00:18.0: [1022:1200] type 00 class 0x060000
[    0.240434] pci 0000:00:18.1: [1022:1201] type 00 class 0x060000
[    0.240487] pci 0000:00:18.2: [1022:1202] type 00 class 0x060000
[    0.240538] pci 0000:00:18.3: [1022:1203] type 00 class 0x060000
[    0.240592] pci 0000:00:18.4: [1022:1204] type 00 class 0x060000
[    0.240695] pci 0000:00:04.0: PCI bridge to [bus 01] (subtractive decode)
[    0.240699] pci 0000:00:04.0:   bridge window [io  0x0000-0x0cf7 window] (subtractive decode)
[    0.240700] pci 0000:00:04.0:   bridge window [io  0x0d00-0xffff window] (subtractive decode)
[    0.240702] pci 0000:00:04.0:   bridge window [mem 0x000a0000-0x000bffff window] (subtractive decode)
[    0.240703] pci 0000:00:04.0:   bridge window [mem 0x000d0000-0x000dffff window] (subtractive decode)
[    0.240704] pci 0000:00:04.0:   bridge window [mem 0xe8000000-0xff37ffff window] (subtractive decode)
[    0.240740] pci 0000:02:00.0: [10de:0e22] type 00 class 0x030000
[    0.240748] pci 0000:02:00.0: reg 0x10: [mem 0xfa000000-0xfbffffff]
[    0.240755] pci 0000:02:00.0: reg 0x14: [mem 0xf0000000-0xf7ffffff 64bit pref]
[    0.240762] pci 0000:02:00.0: reg 0x1c: [mem 0xec000000-0xefffffff 64bit pref]
[    0.240767] pci 0000:02:00.0: reg 0x24: [io  0xec00-0xec7f]
[    0.240771] pci 0000:02:00.0: reg 0x30: [mem 0xf9f80000-0xf9ffffff pref]
[    0.240841] pci 0000:02:00.1: [10de:0beb] type 00 class 0x040300
[    0.240848] pci 0000:02:00.1: reg 0x10: [mem 0xf9f7c000-0xf9f7ffff]
[    0.253413] pci 0000:00:09.0: PCI bridge to [bus 02]
[    0.253416] pci 0000:00:09.0:   bridge window [io  0xe000-0xefff]
[    0.253418] pci 0000:00:09.0:   bridge window [mem 0xf9f00000-0xfbffffff]
[    0.253420] pci 0000:00:09.0:   bridge window [mem 0xec000000-0xf7ffffff 64bit pref]
[    0.253476] pci 0000:00:0b.0: PCI bridge to [bus 03]
[    0.253505] pci 0000:00:0c.0: PCI bridge to [bus 04]
[    0.254082] ACPI: PCI Interrupt Link [LNKA] (IRQs 16 17 18 19) *0, disabled.
[    0.254150] ACPI: PCI Interrupt Link [LNKB] (IRQs 16 17 18 19) *0, disabled.
[    0.254214] ACPI: PCI Interrupt Link [LNKC] (IRQs 16 17 18 19) *0, disabled.
[    0.254279] ACPI: PCI Interrupt Link [LNKD] (IRQs 16 17 18 19) *0, disabled.
[    0.254343] ACPI: PCI Interrupt Link [LNEA] (IRQs 16 17 18 19) *11
[    0.254407] ACPI: PCI Interrupt Link [LNEB] (IRQs 16 17 18 19) *0, disabled.
[    0.254471] ACPI: PCI Interrupt Link [LNEC] (IRQs 16 17 18 19) *0, disabled.
[    0.254535] ACPI: PCI Interrupt Link [LNED] (IRQs 16 17 18 19) *10
[    0.254599] ACPI: PCI Interrupt Link [LUB0] (IRQs 20 21 22 23) *5
[    0.254662] ACPI: PCI Interrupt Link [LUB2] (IRQs 20 21 22 23) *10
[    0.254726] ACPI: PCI Interrupt Link [LMAC] (IRQs 20 21 22 23) *5
[    0.254789] ACPI: PCI Interrupt Link [LAZA] (IRQs 20 21 22 23) *11
[    0.254853] ACPI: PCI Interrupt Link [LACI] (IRQs 20 21 22 23) *0, disabled.
[    0.254917] ACPI: PCI Interrupt Link [LMC9] (IRQs 20 21 22 23) *0, disabled.
[    0.254981] ACPI: PCI Interrupt Link [LSMB] (IRQs 20 21 22 23) *11
[    0.255045] ACPI: PCI Interrupt Link [LPMU] (IRQs 20 21 22 23) *0, disabled.
[    0.255108] ACPI: PCI Interrupt Link [LSA0] (IRQs 20 21 22 23) *10
[    0.255172] ACPI: PCI Interrupt Link [LSA1] (IRQs 20 21 22 23) *10
[    0.255280] ACPI: PCI Interrupt Link [LATA] (IRQs 20 21 22 23) *0, disabled.
[    0.255324] ACPI: Enabled 1 GPEs in block 00 to 1F
[    0.255436] vgaarb: setting as boot device: PCI:0000:02:00.0
[    0.255438] vgaarb: device added: PCI:0000:02:00.0,decodes=io+mem,owns=io+mem,locks=none
[    0.255438] vgaarb: loaded
[    0.255439] vgaarb: bridge control possible 0000:02:00.0
[    0.255544] PCI: Using ACPI for IRQ routing
[    0.256191] PCI: pci_cache_line_size set to 64 bytes
[    0.256220] e820: reserve RAM buffer [mem 0x0009f800-0x0009ffff]
[    0.256222] e820: reserve RAM buffer [mem 0xe7fb0000-0xe7ffffff]
[    0.256436] clocksource: Switched to clocksource refined-jiffies
[    0.263226] VFS: Disk quotas dquot_6.6.0
[    0.263252] VFS: Dquot-cache hash table entries: 512 (order 0, 4096 bytes)
[    0.263334] pnp: PnP ACPI init
[    0.263406] pnp 00:00: Plug and Play ACPI device, IDs PNP0b00 (active)
[    0.263745] pnp 00:01: [dma 3]
[    0.263832] pnp 00:01: Plug and Play ACPI device, IDs PNP0401 (active)
[    0.264127] system 00:02: [io  0x04d0-0x04d1] has been reserved
[    0.264128] system 00:02: [io  0x0500-0x057f] has been reserved
[    0.264130] system 00:02: [io  0x0580-0x05ff] has been reserved
[    0.264131] system 00:02: [io  0x0800-0x087f] has been reserved
[    0.264132] system 00:02: [io  0x0880-0x08ff] has been reserved
[    0.264133] system 00:02: [io  0x0d00-0x0d7f] has been reserved
[    0.264135] system 00:02: [io  0x0d80-0x0dff] has been reserved
[    0.264136] system 00:02: [io  0x1100-0x117f] has been reserved
[    0.264137] system 00:02: [io  0x1180-0x11ff] has been reserved
[    0.264139] system 00:02: [mem 0x000d0000-0x000d3fff window] has been reserved
[    0.264141] system 00:02: [mem 0x000d4000-0x000d7fff window] has been reserved
[    0.264142] system 00:02: [mem 0x000de000-0x000dffff window] has been reserved
[    0.264144] system 00:02: [mem 0xfec80000-0x1fd93ffff] could not be reserved
[    0.264145] system 00:02: [mem 0xfefe0000-0xfefe01ff] has been reserved
[    0.264146] system 00:02: [mem 0xfefe1000-0xfefe1fff] has been reserved
[    0.264148] system 00:02: [mem 0xfee01000-0xfeefffff] has been reserved
[    0.264150] system 00:02: Plug and Play ACPI device, IDs PNP0c02 (active)
[    0.264329] system 00:03: [mem 0xfec00000-0xfec00fff] could not be reserved
[    0.264331] system 00:03: [mem 0xfee00000-0xfee00fff] has been reserved
[    0.264332] system 00:03: Plug and Play ACPI device, IDs PNP0c02 (active)
[    0.264513] pnp 00:04: [dma 0 disabled]
[    0.264559] pnp 00:04: Plug and Play ACPI device, IDs PNP0501 (active)
[    0.264642] system 00:05: [io  0x0280-0x028f] has been reserved
[    0.264644] system 00:05: [io  0x0290-0x029f] has been reserved
[    0.264646] system 00:05: Plug and Play ACPI device, IDs PNP0c02 (active)
[    0.264701] system 00:06: [mem 0xfc000000-0xfdffffff] has been reserved
[    0.264703] system 00:06: Plug and Play ACPI device, IDs PNP0c02 (active)
[    0.264878] system 00:07: [mem 0x00000000-0x0009ffff] could not be reserved
[    0.264879] system 00:07: [mem 0x000e0000-0x000fffff] could not be reserved
[    0.264881] system 00:07: [mem 0x00100000-0xe7ffffff] could not be reserved
[    0.264882] system 00:07: [mem 0xff380000-0xffffffff] could not be reserved
[    0.264884] system 00:07: Plug and Play ACPI device, IDs PNP0c01 (active)
[    0.265102] pnp: PnP ACPI: found 8 devices
[    0.271174] clocksource: acpi_pm: mask: 0xffffff max_cycles: 0xffffff, max_idle_ns: 2085701024 ns
[    0.271201] clocksource: Switched to clocksource acpi_pm
[    0.271222] pci 0000:00:04.0: PCI bridge to [bus 01]
[    0.271229] pci 0000:00:09.0: PCI bridge to [bus 02]
[    0.271230] pci 0000:00:09.0:   bridge window [io  0xe000-0xefff]
[    0.271232] pci 0000:00:09.0:   bridge window [mem 0xf9f00000-0xfbffffff]
[    0.271234] pci 0000:00:09.0:   bridge window [mem 0xec000000-0xf7ffffff 64bit pref]
[    0.271236] pci 0000:00:0b.0: PCI bridge to [bus 03]
[    0.271239] pci 0000:00:0c.0: PCI bridge to [bus 04]
[    0.271244] pci_bus 0000:00: resource 4 [io  0x0000-0x0cf7 window]
[    0.271245] pci_bus 0000:00: resource 5 [io  0x0d00-0xffff window]
[    0.271246] pci_bus 0000:00: resource 6 [mem 0x000a0000-0x000bffff window]
[    0.271247] pci_bus 0000:00: resource 7 [mem 0x000d0000-0x000dffff window]
[    0.271248] pci_bus 0000:00: resource 8 [mem 0xe8000000-0xff37ffff window]
[    0.271249] pci_bus 0000:01: resource 4 [io  0x0000-0x0cf7 window]
[    0.271250] pci_bus 0000:01: resource 5 [io  0x0d00-0xffff window]
[    0.271251] pci_bus 0000:01: resource 6 [mem 0x000a0000-0x000bffff window]
[    0.271252] pci_bus 0000:01: resource 7 [mem 0x000d0000-0x000dffff window]
[    0.271253] pci_bus 0000:01: resource 8 [mem 0xe8000000-0xff37ffff window]
[    0.271254] pci_bus 0000:02: resource 0 [io  0xe000-0xefff]
[    0.271255] pci_bus 0000:02: resource 1 [mem 0xf9f00000-0xfbffffff]
[    0.271256] pci_bus 0000:02: resource 2 [mem 0xec000000-0xf7ffffff 64bit pref]
[    0.271355] NET: Registered protocol family 2
[    0.271562] TCP established hash table entries: 65536 (order: 7, 524288 bytes)
[    0.271751] TCP bind hash table entries: 65536 (order: 8, 1048576 bytes)
[    0.272111] TCP: Hash tables configured (established 65536 bind 65536)
[    0.272170] UDP hash table entries: 4096 (order: 5, 131072 bytes)
[    0.272245] UDP-Lite hash table entries: 4096 (order: 5, 131072 bytes)
[    0.272374] NET: Registered protocol family 1
[    0.272617] ACPI: PCI Interrupt Link [LUB0] enabled at IRQ 23
[    0.351483] ACPI: PCI Interrupt Link [LUB2] enabled at IRQ 22
[    0.351593] pci 0000:00:00.0: Found enabled HT MSI Mapping
[    0.351634] pci 0000:00:00.0: Found enabled HT MSI Mapping
[    0.351681] pci 0000:00:00.0: Found enabled HT MSI Mapping
[    0.351726] pci 0000:00:00.0: Found enabled HT MSI Mapping
[    0.351771] pci 0000:00:00.0: Found enabled HT MSI Mapping
[    0.351819] pci 0000:00:00.0: Found enabled HT MSI Mapping
[    0.351869] pci 0000:00:00.0: Found enabled HT MSI Mapping
[    0.351921] pci 0000:00:00.0: Found enabled HT MSI Mapping
[    0.351938] pci 0000:02:00.0: Video device with shadowed ROM at [mem 0x000c0000-0x000dffff]
[    0.351943] PCI: CLS 64 bytes, default 64
[    0.351996] Unpacking initramfs...
[    0.629695] Freeing initrd memory: 17992K
[    0.629875] PCI-DMA: Disabling AGP.
[    0.629976] PCI-DMA: aperture base @ dc000000 size 65536 KB
[    0.629976] PCI-DMA: using GART IOMMU.
[    0.629978] PCI-DMA: Reserving 64MB of IOMMU area in the AGP aperture
[    0.633252] LVT offset 1 assigned for vector 0x400
[    0.633260] IBS: LVT offset 1 assigned
[    0.633405] perf: AMD IBS detected (0x0000001f)
[    0.633766] audit: initializing netlink subsys (disabled)
[    0.633786] audit: type=2000 audit(1544973744.527:1): initialized
[    0.634191] workingset: timestamp_bits=40 max_order=21 bucket_order=0
[    0.634246] zbud: loaded
[    0.635053] Block layer SCSI generic (bsg) driver version 0.4 loaded (major 250)
[    0.635120] io scheduler noop registered
[    0.635121] io scheduler deadline registered
[    0.635135] io scheduler cfq registered (default)
[    0.635395] pci_hotplug: PCI Hot Plug PCI Core version: 0.5
[    0.635400] pciehp: PCI Express Hot Plug Controller Driver version: 0.4
[    0.635535] GHES: HEST is not enabled!
[    0.635595] Serial: 8250/16550 driver, 4 ports, IRQ sharing enabled
[    0.656084] 00:04: ttyS0 at I/O 0x3f8 (irq = 4, base_baud = 115200) is a 16550A
[    0.656457] Linux agpgart interface v0.103
[    0.656501] AMD IOMMUv2 driver by Joerg Roedel <jroedel@suse.de>
[    0.656502] AMD IOMMUv2 functionality not available on this system
[    0.656839] i8042: PNP: No PS/2 controller found. Probing ports directly.
[    0.659327] serio: i8042 KBD port at 0x60,0x64 irq 1
[    0.659331] serio: i8042 AUX port at 0x60,0x64 irq 12
[    0.659492] mousedev: PS/2 mouse device common for all mice
[    0.659538] rtc_cmos 00:00: RTC can wake from S4
[    0.659692] rtc_cmos 00:00: rtc core: registered rtc_cmos as rtc0
[    0.659724] rtc_cmos 00:00: alarms up to one year, y3k, 114 bytes nvram
[    0.659815] ledtrig-cpu: registered to indicate activity on CPUs
[    0.660049] NET: Registered protocol family 10
[    0.660272] mip6: Mobile IPv6
[    0.660274] NET: Registered protocol family 17
[    0.660276] mpls_gso: MPLS GSO support
[    0.660501] microcode: CPU0: patch_level=0x010000b6
[    0.660512] microcode: CPU1: patch_level=0x010000b6
[    0.660516] microcode: CPU2: patch_level=0x010000b6
[    0.660524] microcode: CPU3: patch_level=0x010000b6
[    0.660559] microcode: Microcode Update Driver: v2.01 <tigran@aivazian.fsnet.co.uk>, Peter Oruba
[    0.660692] registered taskstats version 1
[    0.660709] zswap: loaded using pool lzo/zbud
[    0.660844] ima: No TPM chip found, activating TPM-bypass!
[    0.660846] ima: Allocated hash algorithm: sha256
[    0.661107] rtc_cmos 00:00: setting system clock to 2018-12-16 15:22:25 UTC (1544973745)
[    0.661150] PM: Hibernation image not present or could not be loaded.
[    0.959367] Freeing unused kernel memory: 1420K
[    0.959369] Write protecting the kernel read-only data: 12288k
[    0.960856] Freeing unused kernel memory: 1908K
[    0.963622] Freeing unused kernel memory: 1224K
[    0.969090] x86/mm: Checked W+X mappings: passed, no W+X pages found.
[    0.982336] random: systemd-udevd: uninitialized urandom read (16 bytes read)
[    0.982399] random: systemd-udevd: uninitialized urandom read (16 bytes read)
[    0.982407] random: systemd-udevd: uninitialized urandom read (16 bytes read)
[    1.005215] i2c i2c-0: nForce2 SMBus adapter at 0x600
[    1.005234] i2c i2c-1: nForce2 SMBus adapter at 0x700
[    1.007393] ACPI: bus type USB registered
[    1.007425] usbcore: registered new interface driver usbfs
[    1.007448] usbcore: registered new interface driver hub
[    1.007490] usbcore: registered new device driver usb
[    1.007973] ehci_hcd: USB 2.0 'Enhanced' Host Controller (EHCI) Driver
[    1.008172] forcedeth: Reverse Engineered nForce ethernet driver. Version 0.64.
[    1.008189] ehci-pci: EHCI PCI platform driver
[    1.008376] ACPI: PCI Interrupt Link [LMAC] enabled at IRQ 21
[    1.008881] SCSI subsystem initialized
[    1.009284] ohci_hcd: USB 1.1 'Open' Host Controller (OHCI) Driver
[    1.011148] libata version 3.00 loaded.
[    1.560116] forcedeth 0000:00:07.0: ifname eth0, PHY OUI 0x732 @ 1, addr 00:25:22:62:95:f3
[    1.560119] forcedeth 0000:00:07.0: highdma pwrctl mgmt lnktim msi desc-v3
[    1.560306] ehci-pci 0000:00:02.1: EHCI Host Controller
[    1.560313] ehci-pci 0000:00:02.1: new USB bus registered, assigned bus number 1
[    1.560324] ehci-pci 0000:00:02.1: debug port 1
[    1.560358] ehci-pci 0000:00:02.1: cache line size of 64 is not supported
[    1.560379] ehci-pci 0000:00:02.1: irq 22, io mem 0xf9efec00
[    1.560649] forcedeth 0000:00:07.0 enp0s7: renamed from eth0
[    1.575396] ehci-pci 0000:00:02.1: USB 2.0 started, EHCI 1.00
[    1.575538] usb usb1: New USB device found, idVendor=1d6b, idProduct=0002
[    1.575540] usb usb1: New USB device strings: Mfr=3, Product=2, SerialNumber=1
[    1.575542] usb usb1: Product: EHCI Host Controller
[    1.575543] usb usb1: Manufacturer: Linux 4.9.0-8-amd64 ehci_hcd
[    1.575544] usb usb1: SerialNumber: 0000:00:02.1
[    1.575697] hub 1-0:1.0: USB hub found
[    1.575713] hub 1-0:1.0: 10 ports detected
[    1.576014] sata_nv 0000:00:08.0: version 3.5
[    1.576204] ACPI: PCI Interrupt Link [LSA0] enabled at IRQ 20
[    1.576311] ohci-pci: OHCI PCI platform driver
[    1.576621] scsi host0: sata_nv
[    1.576776] scsi host1: sata_nv
[    1.576821] ata1: SATA max UDMA/133 cmd 0xd400 ctl 0xd080 bmdma 0xc880 irq 20
[    1.576822] ata2: SATA max UDMA/133 cmd 0xd000 ctl 0xcc00 bmdma 0xc888 irq 20
[    1.577026] ACPI: PCI Interrupt Link [LSA1] enabled at IRQ 23
[    1.577418] scsi host2: sata_nv
[    1.577769] scsi host3: sata_nv
[    1.577814] ata3: SATA max UDMA/133 cmd 0xc800 ctl 0xc480 bmdma 0xc000 irq 23
[    1.577815] ata4: SATA max UDMA/133 cmd 0xc400 ctl 0xc080 bmdma 0xc008 irq 23
[    1.577838] pata_amd 0000:00:06.0: version 0.4.1
[    1.578620] scsi host4: pata_amd
[    1.578758] scsi host5: pata_amd
[    1.578804] ata5: PATA max UDMA/133 cmd 0x1f0 ctl 0x3f6 bmdma 0xffa0 irq 14
[    1.578805] ata6: PATA max UDMA/133 cmd 0x170 ctl 0x376 bmdma 0xffa8 irq 15
[    1.578927] ohci-pci 0000:00:02.0: OHCI PCI host controller
[    1.578933] ohci-pci 0000:00:02.0: new USB bus registered, assigned bus number 2
[    1.578954] ohci-pci 0000:00:02.0: irq 23, io mem 0xf9eff000
[    1.635388] tsc: Refined TSC clocksource calibration: 3158.968 MHz
[    1.635401] clocksource: tsc: mask: 0xffffffffffffffff max_cycles: 0x2d88e0d0b92, max_idle_ns: 440795336547 ns
[    1.637565] usb usb2: New USB device found, idVendor=1d6b, idProduct=0001
[    1.637566] usb usb2: New USB device strings: Mfr=3, Product=2, SerialNumber=1
[    1.637568] usb usb2: Product: OHCI PCI host controller
[    1.637569] usb usb2: Manufacturer: Linux 4.9.0-8-amd64 ohci_hcd
[    1.637569] usb usb2: SerialNumber: 0000:00:02.0
[    1.637729] hub 2-0:1.0: USB hub found
[    1.637751] hub 2-0:1.0: 10 ports detected
[    1.740404] ata5.00: ATAPI: HL-DT-ST GCE-8526B, 1.03, max UDMA/33
[    1.740408] ata5.01: ATAPI: HL-DT-STDVD-ROM GDR8163B, 0L23, max UDMA/33
[    1.740413] ata5: nv_mode_filter: 0x739f&0x739f->0x739f, BIOS=0x7000 (0xc0c00000) ACPI=0x701f (60:60:0x15)
[    1.740415] ata5: nv_mode_filter: 0x739f&0x739f->0x739f, BIOS=0x7000 (0xc0c00000) ACPI=0x701f (60:60:0x15)
[    1.745084] ata5.00: configured for UDMA/33
[    1.765852] ata5.01: configured for UDMA/33
[    1.900438] ata3: SATA link down (SStatus 0 SControl 300)
[    2.047434] ata1: SATA link up 3.0 Gbps (SStatus 123 SControl 300)
[    2.049739] ata1.00: supports DRM functions and may not be fully accessible
[    2.049742] ata1.00: ATA-10: Crucial_CT525MX300SSD1,  M0CR060, max UDMA/133
[    2.049743] ata1.00: 1025610768 sectors, multi 16: LBA48 NCQ (depth 0/32)
[    2.052708] ata1.00: supports DRM functions and may not be fully accessible
[    2.053267] ata1.00: configured for UDMA/133
[    2.053554] scsi 0:0:0:0: Direct-Access     ATA      Crucial_CT525MX3 R060 PQ: 0 ANSI: 5
[    2.084264] ata1.00: Enabling discard_zeroes_data
[    2.084279] sd 0:0:0:0: [sda] 1025610768 512-byte logical blocks: (525 GB/489 GiB)
[    2.084381] sd 0:0:0:0: [sda] Write Protect is off
[    2.084384] sd 0:0:0:0: [sda] Mode Sense: 00 3a 00 00
[    2.084452] sd 0:0:0:0: [sda] Write cache: enabled, read cache: enabled, doesn't support DPO or FUA
[    2.084594] ata1.00: Enabling discard_zeroes_data
[    2.085474]  sda: sda1 sda2 < sda5 sda6 sda7 >
[    2.085779] ata1.00: Enabling discard_zeroes_data
[    2.086025] sd 0:0:0:0: [sda] Attached SCSI disk
[    2.163434] usb 2-1: new low-speed USB device number 2 using ohci-pci
[    2.388500] usb 2-1: New USB device found, idVendor=046d, idProduct=c069
[    2.388501] usb 2-1: New USB device strings: Mfr=1, Product=2, SerialNumber=0
[    2.388502] usb 2-1: Product: USB Laser Mouse
[    2.388503] usb 2-1: Manufacturer: Logitech
[    2.397033] hidraw: raw HID events driver (C) Jiri Kosina
[    2.404640] usbcore: registered new interface driver usbhid
[    2.404641] usbhid: USB HID core driver
[    2.408315] ata2: SATA link down (SStatus 0 SControl 300)
[    2.408888] input: Logitech USB Laser Mouse as /devices/pci0000:00/0000:00:02.0/usb2/2-1/2-1:1.0/0003:046D:C069.0001/input/input3
[    2.408962] hid-generic 0003:046D:C069.0001: input,hidraw0: USB HID v1.10 Mouse [Logitech USB Laser Mouse] on usb-0000:00:02.0-1/input0
[    2.659606] clocksource: Switched to clocksource tsc
[    2.855502] usb 2-2: new low-speed USB device number 3 using ohci-pci
[    2.879526] ata4: SATA link up 3.0 Gbps (SStatus 123 SControl 300)
[    2.882214] ata4.00: ATA-8: ST320LT007-9ZV142, 0004LVM1, max UDMA/133
[    2.882216] ata4.00: 625142448 sectors, multi 16: LBA48 NCQ (depth 0/32)
[    2.887094] ata4.00: configured for UDMA/133
[    2.887290] scsi 3:0:0:0: Direct-Access     ATA      ST320LT007-9ZV14 LVM1 PQ: 0 ANSI: 5
[    2.915671] sd 3:0:0:0: [sdb] 625142448 512-byte logical blocks: (320 GB/298 GiB)
[    2.915673] sd 3:0:0:0: [sdb] 4096-byte physical blocks
[    2.915751] sd 3:0:0:0: [sdb] Write Protect is off
[    2.915753] sd 3:0:0:0: [sdb] Mode Sense: 00 3a 00 00
[    2.915793] sd 3:0:0:0: [sdb] Write cache: enabled, read cache: enabled, doesn't support DPO or FUA
[    2.916081] scsi 4:0:0:0: CD-ROM            HL-DT-ST CD-RW GCE-8526B  1.03 PQ: 0 ANSI: 5
[    2.918507]  sdb: sdb1
[    2.918847] sd 3:0:0:0: [sdb] Attached SCSI disk
[    2.936110] scsi 4:0:1:0: CD-ROM            HL-DT-ST DVD-ROM GDR8163B 0L23 PQ: 0 ANSI: 5
[    2.948987] ata6: port disabled--ignoring
[    2.965389] sr 4:0:0:0: [sr0] scsi3-mmc drive: 52x/52x writer cd/rw xa/form2 cdda tray
[    2.965391] cdrom: Uniform CD-ROM driver Revision: 3.20
[    2.965513] sr 4:0:0:0: Attached scsi CD-ROM sr0
[    2.982732] sr 4:0:1:0: [sr1] scsi3-mmc drive: 52x/52x cd/rw xa/form2 cdda tray
[    2.982868] sr 4:0:1:0: Attached scsi CD-ROM sr1
[    3.068500] random: fast init done
[    3.081569] usb 2-2: New USB device found, idVendor=046a, idProduct=0011
[    3.081571] usb 2-2: New USB device strings: Mfr=0, Product=0, SerialNumber=0
[    3.098829] input: HID 046a:0011 as /devices/pci0000:00/0000:00:02.0/usb2/2-2/2-2:1.0/0003:046A:0011.0002/input/input4
[    3.155658] hid-generic 0003:046A:0011.0002: input,hidraw1: USB HID v1.11 Keyboard [HID 046a:0011] on usb-0000:00:02.0-2/input0
[    3.260566] PM: Starting manual resume from disk
[    3.260569] PM: Hibernation image partition 8:6 present
[    3.260570] PM: Looking for hibernation image.
[    3.260722] PM: Image not found (code -22)
[    3.260724] PM: Hibernation image not present or could not be loaded.
[    3.398209] EXT4-fs (sda1): mounted filesystem with ordered data mode. Opts: (null)
[    3.403561] usb 1-3: new high-speed USB device number 4 using ehci-pci
[    3.513775] ip_tables: (C) 2000-2006 Netfilter Core Team
[    3.520062] systemd[1]: systemd 232 running in system mode. (+PAM +AUDIT +SELINUX +IMA +APPARMOR +SMACK +SYSVINIT +UTMP +LIBCRYPTSETUP +GCRYPT +GNUTLS +ACL +XZ +LZ4 +SECCOMP +BLKID +ELFUTILS +KMOD +IDN)
[    3.520200] systemd[1]: Detected architecture x86-64.
[    3.520452] systemd[1]: Set hostname to <workhorse>.
[    3.556861] usb 1-3: New USB device found, idVendor=05e3, idProduct=0608
[    3.556863] usb 1-3: New USB device strings: Mfr=0, Product=1, SerialNumber=0
[    3.556864] usb 1-3: Product: USB2.0 Hub
[    3.557256] hub 1-3:1.0: USB hub found
[    3.557605] hub 1-3:1.0: 4 ports detected
[    3.612084] systemd[1]: Listening on /dev/initctl Compatibility Named Pipe.
[    3.612161] systemd[1]: Started Forward Password Requests to Wall Directory Watch.
[    3.612194] systemd[1]: Started Dispatch Password Requests to Console Directory Watch.
[    3.612234] systemd[1]: Listening on Journal Socket (/dev/log).
[    3.612254] systemd[1]: Listening on Syslog Socket.
[    3.612317] systemd[1]: Listening on Journal Audit Socket.
[    3.612328] systemd[1]: Reached target User and Group Name Lookups.
[    3.673495] lp: driver loaded but no devices found
[    3.686651] ppdev: user-space parallel port driver
[    3.687609] parport_pc 00:01: reported by Plug and Play ACPI
[    3.687671] parport0: PC-style at 0x378 (0x778), irq 7 [PCSPP,TRISTATE,EPP]
[    3.783677] lp0: using parport0 (interrupt-driven).
[    3.820666] EXT4-fs (sda1): re-mounted. Opts: errors=remount-ro
[    3.848885] systemd-journald[212]: Received request to flush runtime journal from PID 1
[    3.943618] usb 2-9: new full-speed USB device number 4 using ohci-pci
[    3.959275] acpi_cpufreq: overriding BIOS provided _PSD data
[    3.974292] shpchp: Standard Hot Plug PCI Controller Driver version: 0.4
[    3.983399] input: Power Button as /devices/LNXSYSTM:00/LNXSYBUS:00/PNP0C0C:00/input/input5
[    3.983403] ACPI: Power Button [PWRB]
[    3.983569] input: Power Button as /devices/LNXSYSTM:00/LNXPWRBN:00/input/input6
[    3.983571] ACPI: Power Button [PWRF]
[    4.110946] input: PC Speaker as /devices/platform/pcspkr/input/input7
[    4.117362] ipmi message handler version 39.2
[    4.147146] sd 0:0:0:0: Attached scsi generic sg0 type 0
[    4.147185] sd 3:0:0:0: Attached scsi generic sg1 type 0
[    4.147221] sr 4:0:0:0: Attached scsi generic sg2 type 5
[    4.147260] sr 4:0:1:0: Attached scsi generic sg3 type 5
[    4.152269] [drm] Initialized
[    4.168758] ACPI: PCI Interrupt Link [LAZA] enabled at IRQ 22
[    4.168768] snd_hda_intel 0000:00:05.0: Disabling MSI
[    4.169147] ACPI: PCI Interrupt Link [LNEA] enabled at IRQ 19
[    4.169175] snd_hda_intel 0000:02:00.1: Disabling MSI
[    4.169180] snd_hda_intel 0000:02:00.1: Handle vga_switcheroo audio client
[    4.184352] kvm: Nested Virtualization enabled
[    4.184359] kvm: Nested Paging enabled
[    4.191831] EDAC MC: Ver: 3.0.0
[    4.195945] MCE: In-kernel MCE decoding enabled.
[    4.197829] EDAC amd64: DRAM ECC disabled.
[    4.197834] EDAC amd64: ECC disabled in the BIOS or no ECC capability, module will not load.
                Either enable ECC checking or force module loading by setting 'ecc_enable_override'.
                (Note that use of the override may cause unknown side effects.)
[    4.283028] Adding 9843708k swap on /dev/sda6.  Priority:-1 extents:1 across:9843708k SSFS
[    4.375704] usb 2-9: New USB device found, idVendor=046d, idProduct=0a38
[    4.375711] usb 2-9: New USB device strings: Mfr=1, Product=2, SerialNumber=0
[    4.375716] usb 2-9: Product: Logitech USB Headset H340
[    4.375719] usb 2-9: Manufacturer: Logitech Inc.
[    4.381945] nvidia: loading out-of-tree module taints kernel.
[    4.381957] nvidia: module license 'NVIDIA' taints kernel.
[    4.381958] Disabling lock debugging due to kernel taint
[    4.404728] nvidia-nvlink: Nvlink Core is being initialized, major device number 248
[    4.405279] ACPI: PCI Interrupt Link [LNED] enabled at IRQ 18
[    4.405317] vgaarb: device changed decodes: PCI:0000:02:00.0,olddecodes=io+mem,decodes=none:owns=io+mem
[    4.405505] NVRM: loading NVIDIA UNIX x86_64 Kernel Module  390.87  Tue Aug 21 12:33:05 PDT 2018 (using threaded interrupts)
[    4.416003] nvidia-modeset: Loading NVIDIA Kernel Mode Setting Driver for UNIX platforms  390.87  Tue Aug 21 16:16:14 PDT 2018
[    4.417927] [drm] [nvidia-drm] [GPU ID 0x00000200] Loading driver
[    4.449913] input: Logitech Inc. Logitech USB Headset H340 as /devices/pci0000:00/0000:00:02.0/usb2/2-9/2-9:1.3/0003:046D:0A38.0003/input/input8
[    4.508246] hid-generic 0003:046D:0A38.0003: input,hiddev0,hidraw2: USB HID v1.11 Device [Logitech Inc. Logitech USB Headset H340] on usb-0000:00:02.0-9/input3
[    4.831726] usb 2-10: new full-speed USB device number 5 using ohci-pci
[    4.864992] EXT4-fs (sda5): mounted filesystem with ordered data mode. Opts: (null)
[    4.880459] EXT4-fs (sda7): mounted filesystem with ordered data mode. Opts: (null)
[    4.963770] snd_hda_codec_via hdaudioC0D0: autoconfig for VT1705: line_outs=1 (0x1c/0x0/0x0/0x0/0x0) type:line
[    4.963777] snd_hda_codec_via hdaudioC0D0:    speaker_outs=0 (0x0/0x0/0x0/0x0/0x0)
[    4.963782] snd_hda_codec_via hdaudioC0D0:    hp_outs=1 (0x1d/0x0/0x0/0x0/0x0)
[    4.963785] snd_hda_codec_via hdaudioC0D0:    mono: mono_out=0x0
[    4.963788] snd_hda_codec_via hdaudioC0D0:    inputs:
[    4.963792] snd_hda_codec_via hdaudioC0D0:      Rear Mic=0x1a
[    4.963796] snd_hda_codec_via hdaudioC0D0:      Front Mic=0x1e
[    4.963800] snd_hda_codec_via hdaudioC0D0:      Line=0x1b
[    4.963803] snd_hda_codec_via hdaudioC0D0:      CD=0x1f
[    4.986369] EXT4-fs (sdb1): mounted filesystem with ordered data mode. Opts: (null)
[    5.072804] usb 2-10: New USB device found, idVendor=046d, idProduct=c52b
[    5.072811] usb 2-10: New USB device strings: Mfr=1, Product=2, SerialNumber=0
[    5.072815] usb 2-10: Product: USB Receiver
[    5.072818] usb 2-10: Manufacturer: Logitech
[    5.157883] logitech-djreceiver 0003:046D:C52B.0006: hiddev0,hidraw3: USB HID v1.11 Device [Logitech USB Receiver] on usb-0000:00:02.0-10/input2
[    5.328340] usbcore: registered new interface driver snd-usb-audio
[    5.424330] input: Logitech MX Ergo as /devices/pci0000:00/0000:00:02.0/usb2/2-10/2-10:1.2/0003:046D:C52B.0006/0003:046D:406F.0007/input/input13
[    5.425022] logitech-hidpp-device 0003:046D:406F.0007: input,hidraw4: USB HID v1.11 Keyboard [Logitech MX Ergo] on usb-0000:00:02.0-10:1
[    5.432420] input: HDA NVidia HDMI/DP,pcm=3 as /devices/pci0000:00/0000:00:09.0/0000:02:00.1/sound/card1/input9
[    5.432515] input: HDA NVidia HDMI/DP,pcm=7 as /devices/pci0000:00/0000:00:09.0/0000:02:00.1/sound/card1/input10
[    5.432601] input: HDA NVidia HDMI/DP,pcm=8 as /devices/pci0000:00/0000:00:09.0/0000:02:00.1/sound/card1/input11
[    5.432690] input: HDA NVidia HDMI/DP,pcm=9 as /devices/pci0000:00/0000:00:09.0/0000:02:00.1/sound/card1/input12
[    6.266816] random: crng init done
[    6.266818] random: 7 urandom warning(s) missed due to ratelimiting
[    6.416785] input: HDA NVidia Rear Mic as /devices/pci0000:00/0000:00:05.0/sound/card0/input14
[    6.416896] input: HDA NVidia Line as /devices/pci0000:00/0000:00:05.0/sound/card0/input15
[    6.416985] input: HDA NVidia Line Out as /devices/pci0000:00/0000:00:05.0/sound/card0/input16
[    6.819077] IPv6: ADDRCONF(NETDEV_UP): enp0s7: link is not ready
[    6.819603] forcedeth 0000:00:07.0 enp0s7: MSI enabled
[    6.820291] IPv6: ADDRCONF(NETDEV_UP): enp0s7: link is not ready
[    6.820300] IPv6: ADDRCONF(NETDEV_CHANGE): enp0s7: link becomes ready
[    6.890694] aufs 4.9-20161219
[    6.996837] vboxdrv: Found 4 processor cores
[    7.016314] vboxdrv: TSC mode is Invariant, tentative frequency 3158957213 Hz
[    7.016316] vboxdrv: Successfully loaded version 5.2.22 (interface 0x00290001)
[    7.249711] VBoxNetFlt: Successfully started.
[    7.256279] VBoxNetAdp: Successfully started.
[    7.262637] VBoxPciLinuxInit
[    7.265117] vboxpci: IOMMU not found (not registered)
[    8.552921] fuse init (API version 7.26)
[   13.210961] bridge: filtering via arp/ip/ip6tables is no longer available by default. Update your scripts to load br_netfilter if you need this.
[   13.212445] Bridge firewalling registered
[   13.218335] nf_conntrack version 0.5.0 (65536 buckets, 262144 max)
[   13.282263] Initializing XFRM netlink socket
[   13.286975] Netfilter messages via NETLINK v0.30.
[   13.288065] ctnetlink v0.93: registering with nfnetlink.
[   13.321075] IPv6: ADDRCONF(NETDEV_UP): docker0: link is not ready
[   13.360225] IPv6: ADDRCONF(NETDEV_UP): br-89c06f0974dc: link is not ready
[   13.702746] docker0: port 1(vetha290a09) entered blocking state
[   13.702748] docker0: port 1(vetha290a09) entered disabled state
[   13.702816] device vetha290a09 entered promiscuous mode
[   13.703852] IPv6: ADDRCONF(NETDEV_UP): vetha290a09: link is not ready
[   13.703856] docker0: port 1(vetha290a09) entered blocking state
[   13.703857] docker0: port 1(vetha290a09) entered forwarding state
[   13.703948] docker0: port 1(vetha290a09) entered disabled state
[   14.169596] eth0: renamed from veth82cc5b0
[   14.185097] IPv6: ADDRCONF(NETDEV_CHANGE): vetha290a09: link becomes ready
[   14.185137] docker0: port 1(vetha290a09) entered blocking state
[   14.185138] docker0: port 1(vetha290a09) entered forwarding state
[   14.185228] IPv6: ADDRCONF(NETDEV_CHANGE): docker0: link becomes ready
[   47.695412] snd_hda_codec_hdmi hdaudioC1D1: HDMI: invalid ELD data byte 0
[11727.392670] PM: Hibernation mode set to 'platform'
[11727.944277] PM: Syncing filesystems ... 
[11728.061593] done.
[11728.061596] Freezing user space processes ... (elapsed 0.002 seconds) done.
[11728.064783] PM: Marking nosave pages: [mem 0x00000000-0x00000fff]
[11728.064785] PM: Marking nosave pages: [mem 0x0009f000-0x000fffff]
[11728.064788] PM: Marking nosave pages: [mem 0xe7fb0000-0xffffffff]
[11728.065206] PM: Marking nosave pages: [mem 0xdc000000-0xdfffffff]
[11728.065536] PM: Basic memory bitmaps created
[11728.065570] PM: Preallocating image memory... done (allocated 812671 pages)
[11730.091782] PM: Allocated 3250684 kbytes in 2.02 seconds (1609.24 MB/s)
[11730.091783] Freezing remaining freezable tasks ... (elapsed 0.002 seconds) done.
[11730.094272] Suspending console(s) (use no_console_suspend to debug)
[11730.095620] serial 00:04: disabled
[11730.095636] serial 00:04: System wakeup disabled by ACPI
[11730.095993] parport_pc 00:01: disabled
[11730.297833] PM: freeze of devices complete after 203.537 msecs
[11730.298930] PM: late freeze of devices complete after 1.090 msecs
[11730.300192] PM: noirq freeze of devices complete after 1.256 msecs
[11730.301502] ACPI: Preparing to enter system sleep state S4
[11730.717699] PM: Saving platform NVS memory
[11730.718058] Disabling non-boot CPUs ...
[11730.718960] Broke affinity for irq 23
[11730.720043] smpboot: CPU 1 is now offline
[11730.723209] Broke affinity for irq 20
[11730.723226] Broke affinity for irq 23
[11730.724277] smpboot: CPU 2 is now offline
[11730.728201] Broke affinity for irq 9
[11730.728221] Broke affinity for irq 14
[11730.728240] Broke affinity for irq 20
[11730.728250] Broke affinity for irq 22
[11730.728260] Broke affinity for irq 23
[11730.728266] Broke affinity for irq 28
[11730.729346] smpboot: CPU 3 is now offline
[11730.731844] PM: Creating hibernation image:
[11731.111765] PM: Need to copy 810857 pages
[11731.111771] PM: Normal pages needed: 810857 + 1024, available pages: 1269574
[11730.733072] PM: Restoring platform NVS memory
[11730.733801] PCI-DMA: Resuming GART IOMMU
[11730.733802] PCI-DMA: Restoring GART aperture settings
[11730.733807] LVT offset 1 assigned for vector 0x400
[11730.733814] IBS: LVT offset 1 assigned
[11730.734088] Suspended for 52234.802 seconds
[11730.734154] Enabling non-boot CPUs ...
[11730.734634] x86: Booting SMP configuration:
[11730.734635] smpboot: Booting Node 0 Processor 1 APIC 0x1
[11730.737390]  cache: parent cpu1 should not be sleeping
[11730.737677] CPU1 is up
[11730.737967] smpboot: Booting Node 0 Processor 2 APIC 0x2
[11730.740728]  cache: parent cpu2 should not be sleeping
[11730.741070] CPU2 is up
[11730.741371] smpboot: Booting Node 0 Processor 3 APIC 0x3
[11730.744158]  cache: parent cpu3 should not be sleeping
[11730.744651] CPU3 is up
[11730.749513] ACPI: Waking up from system sleep state S4
[11730.750317] pci 0000:00:00.0: Found enabled HT MSI Mapping
[11730.750386] pci 0000:00:00.0: Found enabled HT MSI Mapping
[11730.750496] pci 0000:00:00.0: Found enabled HT MSI Mapping
[11730.750556] pci 0000:00:00.0: Found enabled HT MSI Mapping
[11730.750616] pci 0000:00:00.0: Found enabled HT MSI Mapping
[11730.750794] pci 0000:00:00.0: Found enabled HT MSI Mapping
[11730.750867] pci 0000:00:00.0: Found enabled HT MSI Mapping
[11730.750958] pci 0000:00:00.0: Found enabled HT MSI Mapping
[11730.751178] PM: noirq restore of devices complete after 1.187 msecs
[11730.751714] PM: early restore of devices complete after 0.489 msecs
[11730.851437] rtc_cmos 00:00: System wakeup disabled by ACPI
[11730.852162] parport_pc 00:01: activated
[11730.852595] serial 00:04: activated
[11730.853399] ata6: port disabled--ignoring
[11730.855784] sd 0:0:0:0: [sda] Starting disk
[11730.855817] sd 3:0:0:0: [sdb] Starting disk
[11730.912969] usb usb2: root hub lost power or was reset
[11730.913009] usb usb1: root hub lost power or was reset
[11730.913021] ehci-pci 0000:00:02.1: cache line size of 64 is not supported
[11731.013755] ata5.01: ACPI cmd ef/03:42:00:00:00:b0 (SET FEATURES) filtered out
[11731.013757] ata5.01: ACPI cmd ef/03:01:00:00:00:b0 (SET FEATURES) filtered out
[11731.014550] ata5.00: ACPI cmd ef/03:42:00:00:00:a0 (SET FEATURES) filtered out
[11731.014561] ata5: nv_mode_filter: 0x739f&0x739f->0x739f, BIOS=0x7000 (0xc0c00000) ACPI=0x701f (60:60:0x15)
[11731.014563] ata5: nv_mode_filter: 0x739f&0x739f->0x739f, BIOS=0x7000 (0xc0c00000) ACPI=0x701f (60:60:0x15)
[11731.019468] ata5.00: configured for UDMA/33
[11731.041496] ata5.01: configured for UDMA/33
[11731.322981] ata1: SATA link up 3.0 Gbps (SStatus 123 SControl 300)
[11731.322997] ata4: SATA link up 3.0 Gbps (SStatus 123 SControl 300)
[11731.325282] ata1.00: ACPI cmd ef/03:46:00:00:00:a0 (SET FEATURES) filtered out
[11731.325284] ata1.00: supports DRM functions and may not be fully accessible
[11731.325290] ata4.00: ACPI cmd ef/03:46:00:00:00:a0 (SET FEATURES) filtered out
[11731.328250] ata1.00: supports DRM functions and may not be fully accessible
[11731.328799] ata1.00: configured for UDMA/133
[11731.329059] ata1.00: Enabling discard_zeroes_data
[11731.350774] ata4.00: configured for UDMA/133
[11731.374991] usb 1-3: reset high-speed USB device number 4 using ehci-pci
[11731.434994] usb 2-10: reset full-speed USB device number 5 using ohci-pci
[11731.573204] ata3: SATA link down (SStatus 0 SControl 300)
[11731.573216] ata2: SATA link down (SStatus 0 SControl 300)
[11731.823005] usb 2-9: reset full-speed USB device number 4 using ohci-pci
[11732.375288] usb 2-2: reset low-speed USB device number 3 using ohci-pci
[11733.063086] usb 2-1: reset low-speed USB device number 2 using ohci-pci
[11733.437357] PM: restore of devices complete after 2586.127 msecs
[11733.437531] PM: Image restored successfully.
[11733.437551] PM: Basic memory bitmaps freed
[11733.437552] Restarting tasks ... done.
[11734.974729] IPv6: ADDRCONF(NETDEV_UP): enp0s7: link is not ready
[11734.975599] forcedeth 0000:00:07.0 enp0s7: MSI enabled
[16733.296456] docker0: port 1(vetha290a09) entered disabled state
[16733.296783] veth82cc5b0: renamed from eth0
[16733.337733] docker0: port 1(vetha290a09) entered disabled state
[16733.341176] device vetha290a09 left promiscuous mode
[16733.341178] docker0: port 1(vetha290a09) entered disabled state
